// Jest Snapshot v1, https://goo.gl/fbAQLP

exports[`iiif/presentation/2.1/04 Metadata Pairs with Multiple Values in same Language should render multiple languages as array, leaving it to viewer to decide on display 1`] = `
Object {
  "metadata": Array [
    Object {
      "label": Array [
        Object {
          "@language": "en",
          "@value": "date",
        },
      ],
      "value": Array [
        Object {
          "@language": "en",
          "@value": "some date",
        },
        Object {
          "@language": "en",
          "@value": "some other date",
        },
      ],
    },
  ],
}
`;
