// Jest Snapshot v1, https://goo.gl/fbAQLP

exports[`iiif/presentation/2.1/12 ViewingDirection l-t-r should render correct viewing direction 1`] = `
Object {
  "service": "right-to-left",
}
`;
