// Jest Snapshot v1, https://goo.gl/fbAQLP

exports[`iiif/presentation/2.1/15 Manifest: ViewingHint: paged should render correct viewing hint 1`] = `
Object {
  "viewingHint": "paged",
}
`;
