// Jest Snapshot v1, https://goo.gl/fbAQLP

exports[`iiif/presentation/2.1/16 Manifest: ViewingHint: continuous should render correct viewing hint 1`] = `
Object {
  "viewingHint": "continuous",
}
`;
